<?xml version="1.0" encoding="utf-8"?><testsuites name="pytest tests"><testsuite name="pytest" errors="0" failures="0" skipped="0" tests="83" time="1.408" timestamp="2025-08-27T21:08:09.440836+09:00" hostname="matsumotohisatonoMacBook-Air.local"><testcase classname="tests.unit.test_api" name="test_health_check" time="0.006" /><testcase classname="tests.unit.test_api" name="test_upload_pdf_success" time="0.173" /><testcase classname="tests.unit.test_api" name="test_upload_pdf_failure" time="0.011" /><testcase classname="tests.unit.test_api" name="test_get_file_success" time="0.021" /><testcase classname="tests.unit.test_api" name="test_get_file_failure" time="0.003" /><testcase classname="tests.unit.test_api" name="test_list_files_success" time="0.002" /><testcase classname="tests.unit.test_api" name="test_list_files_failure" time="0.004" /><testcase classname="tests.unit.test_api" name="test_update_file_success" time="0.041" /><testcase classname="tests.unit.test_api" name="test_update_file_failure" time="0.004" /><testcase classname="tests.unit.test_api" name="test_delete_file_success" time="0.020" /><testcase classname="tests.unit.test_api" name="test_delete_file_failure" time="0.003" /><testcase classname="tests.unit.test_api" name="test_get_file_logs_success" time="0.022" /><testcase classname="tests.unit.test_api" name="test_get_file_logs_failure" time="0.003" /><testcase classname="tests.unit.test_api" name="test_get_statistics_success" time="0.001" /><testcase classname="tests.unit.test_api" name="test_cleanup_old_files_success" time="0.001" /><testcase classname="tests.unit.test_api" name="test_cleanup_old_files_failure" time="0.002" /><testcase classname="tests.unit.test_services.TestFileService" name="test_get_file_success" time="0.001" /><testcase classname="tests.unit.test_services.TestFileService" name="test_get_file_not_found" time="0.001" /><testcase classname="tests.unit.test_services.TestFileService" name="test_list_files_success" time="0.001" /><testcase classname="tests.unit.test_services.TestFileService" name="test_list_files_pagination" time="0.001" /><testcase classname="tests.unit.test_services.TestFileService" name="test_update_file_success" time="0.001" /><testcase classname="tests.unit.test_services.TestFileService" name="test_update_file_not_found" time="0.001" /><testcase classname="tests.unit.test_services.TestFileService" name="test_delete_file_success" time="0.000" /><testcase classname="tests.unit.test_services.TestFileService" name="test_delete_file_failure" time="0.000" /><testcase classname="tests.unit.test_services.TestFileService" name="test_get_file_status_success" time="0.001" /><testcase classname="tests.unit.test_services.TestFileService" name="test_get_file_status_not_found" time="0.001" /><testcase classname="tests.unit.test_services.TestFileService" name="test_get_conversion_logs" time="0.001" /><testcase classname="tests.unit.test_services.TestFileService" name="test_get_file_statistics_success" time="0.001" /><testcase classname="tests.unit.test_services.TestFileService" name="test_get_file_statistics_exception" time="0.001" /><testcase classname="tests.unit.test_services.TestFileService" name="test_cleanup_old_files_success" time="0.001" /><testcase classname="tests.unit.test_services.TestFileService" name="test_cleanup_old_files_exception" time="0.001" /><testcase classname="tests.unit.test_services.TestFileService" name="test_get_current_time" time="0.001" /><testcase classname="tests.unit.test_services.TestFileService" name="test_validate_file_id_valid_uuids" time="0.000" /><testcase classname="tests.unit.test_services.TestFileService" name="test_validate_file_id_invalid_uuids" time="0.000" /><testcase classname="tests.unit.test_services.TestFileServiceParameterized" name="test_get_file_various_data[test_data0]" time="0.001" /><testcase classname="tests.unit.test_services.TestFileServiceParameterized" name="test_get_file_various_data[test_data1]" time="0.001" /><testcase classname="tests.unit.test_services.TestFileServiceParameterized" name="test_get_file_various_data[test_data2]" time="0.001" /><testcase classname="tests.unit.test_services.TestFileServiceParameterized" name="test_get_file_various_data[test_data3]" time="0.001" /><testcase classname="tests.unit.test_services.TestFileServiceParameterized" name="test_list_files_pagination_params[1-10-expected_call0]" time="0.001" /><testcase classname="tests.unit.test_services.TestFileServiceParameterized" name="test_list_files_pagination_params[2-5-expected_call1]" time="0.001" /><testcase classname="tests.unit.test_services.TestFileServiceParameterized" name="test_list_files_pagination_params[3-20-expected_call2]" time="0.002" /><testcase classname="tests.unit.test_services.TestFileServiceParameterized" name="test_list_files_pagination_params[1-1-expected_call3]" time="0.001" /><testcase classname="tests.unit.test_services.TestFileServiceParameterized" name="test_get_file_not_found_cases[non_existent_id-None]" time="0.001" /><testcase classname="tests.unit.test_services.TestFileServiceParameterized" name="test_get_file_not_found_cases[-None]" time="0.001" /><testcase classname="tests.unit.test_services.TestFileServiceParameterized" name="test_get_file_not_found_cases[invalid-uuid-format-None]" time="0.001" /><testcase classname="tests.unit.test_services.TestFileServiceParameterized" name="test_get_file_not_found_cases[12345678-1234-5678-9abc-123456789abc-None]" time="0.001" /><testcase classname="tests.unit.test_services.TestFileServiceErrorCases" name="test_get_file_exception_handling[Exception-Database connection failed]" time="0.001" /><testcase classname="tests.unit.test_services.TestFileServiceErrorCases" name="test_get_file_exception_handling[ConnectionError-Network timeout]" time="0.001" /><testcase classname="tests.unit.test_services.TestFileServiceErrorCases" name="test_get_file_exception_handling[ValueError-Invalid data format]" time="0.001" /><testcase classname="tests.unit.test_services.TestFileServiceErrorCases" name="test_get_file_exception_handling[RuntimeError-Service unavailable]" time="0.001" /><testcase classname="tests.unit.test_services.TestFileServiceErrorCases" name="test_list_files_various_counts[mock_return_value0-0]" time="0.001" /><testcase classname="tests.unit.test_services.TestFileServiceErrorCases" name="test_list_files_various_counts[mock_return_value1-1]" time="0.001" /><testcase classname="tests.unit.test_services.TestFileServiceErrorCases" name="test_list_files_various_counts[mock_return_value2-2]" time="0.001" /><testcase classname="tests.unit.test_services.TestFileServiceErrorCases" name="test_list_files_various_counts[mock_return_value3-5]" time="0.001" /><testcase classname="tests.unit.test_services.TestPDFService" name="test_validate_pdf_file_valid" time="0.001" /><testcase classname="tests.unit.test_services.TestPDFService" name="test_validate_pdf_file_invalid_extension" time="0.001" /><testcase classname="tests.unit.test_services.TestPDFService" name="test_validate_pdf_file_too_large" time="0.001" /><testcase classname="tests.unit.test_services.TestPDFService" name="test_validate_pdf_file_invalid_content" time="0.000" /><testcase classname="tests.unit.test_services.TestPDFService" name="test_process_pdf_upload_invalid_extension" time="0.001" /><testcase classname="tests.unit.test_services.TestPDFService" name="test_process_pdf_upload_too_large" time="0.001" /><testcase classname="tests.unit.test_services.TestPDFService" name="test_process_pdf_upload_invalid_content" time="0.001" /><testcase classname="tests.unit.test_services.TestPDFService" name="test_process_pdf_upload_db_insert_failure" time="0.001" /><testcase classname="tests.unit.test_services.TestPDFService" name="test_reconvert_pdf_file_not_found" time="0.002" /><testcase classname="tests.unit.test_services.TestPDFService" name="test_reconvert_pdf_invalid_extension" time="0.001" /><testcase classname="tests.unit.test_services.TestPDFService" name="test_convert_pdf_to_markdown_fallback" time="0.014" /><testcase classname="tests.unit.test_services.TestPDFService" name="test_save_markdown" time="0.001" /><testcase classname="tests.unit.test_services.TestPDFService" name="test_save_uploaded_file" time="0.001" /><testcase classname="tests.unit.test_services.TestPDFService" name="test_ensure_directories" time="0.001" /><testcase classname="tests.unit.test_services.TestPDFServiceParameterized" name="test_validate_file_extension[test.pdf-True]" time="0.000" /><testcase classname="tests.unit.test_services.TestPDFServiceParameterized" name="test_validate_file_extension[document.PDF-True]" time="0.000" /><testcase classname="tests.unit.test_services.TestPDFServiceParameterized" name="test_validate_file_extension[file.Pdf-True]" time="0.000" /><testcase classname="tests.unit.test_services.TestPDFServiceParameterized" name="test_validate_file_extension[test.txt-False]" time="0.000" /><testcase classname="tests.unit.test_services.TestPDFServiceParameterized" name="test_validate_file_extension[document.doc-False]" time="0.000" /><testcase classname="tests.unit.test_services.TestPDFServiceParameterized" name="test_validate_file_extension[file.png-False]" time="0.000" /><testcase classname="tests.unit.test_services.TestPDFServiceParameterized" name="test_validate_file_extension[test-False]" time="0.000" /><testcase classname="tests.unit.test_services.TestPDFServiceParameterized" name="test_validate_file_extension[test.-False]" time="0.000" /><testcase classname="tests.unit.test_services.TestPDFServiceParameterized" name="test_validate_file_extension[.pdf-True]" time="0.000" /><testcase classname="tests.unit.test_services.TestPDFServiceParameterized" name="test_validate_file_size[1-True]" time="0.057" /><testcase classname="tests.unit.test_services.TestPDFServiceParameterized" name="test_validate_file_size[5-True]" time="0.286" /><testcase classname="tests.unit.test_services.TestPDFServiceParameterized" name="test_validate_file_size[10-True]" time="0.570" /><testcase classname="tests.unit.test_services.TestPDFServiceParameterized" name="test_validate_file_size[11-False]" time="0.001" /><testcase classname="tests.unit.test_services.TestPDFServiceParameterized" name="test_validate_file_size[15-False]" time="0.001" /><testcase classname="tests.unit.test_services.TestPDFServiceParameterized" name="test_validate_file_size[50-False]" time="0.004" /></testsuite></testsuites>
